C51 COMPILER V9.54   MAIN                                                                  03/17/2025 20:53:27 PAGE 1   


C51 COMPILER V9.54, COMPILATION OF MODULE MAIN
OBJECT MODULE PLACED IN .\Objects\main.obj
COMPILER INVOKED BY: D:\KEIL 5C51\C51\BIN\C51.EXE main.c OPTIMIZE(8,SPEED) BROWSE DEBUG OBJECTEXTEND PRINT(.\Listings\ma
                    -in.lst) OBJECT(.\Objects\main.obj)

line level    source

   1          #include <REGX52.H>
   2          #include "Delay.h"
   3          #include "MatrixLED.h"
   4          #include "Timer0.h"
   5          
   6          unsigned char Animation[]={
   7                  0x3C,0x42,0xA9,0x85,0x85,0xA9,0x42,0x3C,
   8                  0x3C,0x42,0xA5,0x85,0x85,0xA5,0x42,0x3C,
   9                  0x3C,0x42,0xA5,0x89,0x89,0xA5,0x42,0x3C,
  10          };
  11          
  12          unsigned char Offest=0;
  13          
  14          void main()
  15          {
  16   1              unsigned char i;
  17   1              Timer0_Init();
  18   1              MatrixLED_Init();
  19   1              while(1)
  20   1              {       
  21   2                      for(i=0;i<8;i++)
  22   2                      {
  23   3                              MatrixLED_ShowColumn(i,Animation[i+Offest]);    
  24   3                      }
  25   2      
  26   2              }
  27   1      }
  28          
  29          void Timer0_Routine() interrupt 1
  30          {
  31   1              static unsigned int T0Count;
  32   1              TH0 = 0xFC;                             
  33   1              TL0 = 0x66;     
  34   1              T0Count++;
  35   1              if(T0Count>=300)
  36   1              {
  37   2                      T0Count=0;
  38   2                      Offest+=8;
  39   2                      if(Offest>16)
  40   2                              Offest=0;
  41   2              }
  42   1      }


MODULE INFORMATION:   STATIC OVERLAYABLE
   CODE SIZE        =     88    ----
   CONSTANT SIZE    =   ----    ----
   XDATA SIZE       =   ----    ----
   PDATA SIZE       =   ----    ----
   DATA SIZE        =     27       1
   IDATA SIZE       =   ----    ----
   BIT SIZE         =   ----    ----
END OF MODULE INFORMATION.


C51 COMPILATION COMPLETE.  0 WARNING(S),  0 ERROR(S)
